
> client@0.0.0 build
> tsc -b && vite build

src/context/AuthContext.tsx(1,46): error TS1484: 'ReactNode' is a type and must be imported using a type-only import when 'verbatimModuleSyntax' is enabled.
src/pages/AdminDashboard.tsx(32,50): error TS6133: 'currentBanStatus' is declared but its value is never read.
