src/controllers/userController.ts(144,30): error TS2769: No overload matches this call.
  Overload 1 of 4, '(filter?: _QueryFilter<{ set: { <T extends string | number | symbol>(path: T, val: any, type: any, options?: DocumentSetOptions): IUser; (path: string | Record<string, any>, val: any, type: any, options?: DocumentSetOptions): IUser; (path: string | Record<...>, val: any, options?: DocumentSetOptions): IUser; (value: string | Record<...>): IUser; }; ... 240 more ...; "friends.getTimestamp": () => Date; }>, projection?: ProjectionType<...>, options?: QueryOptions<...> & Abortable): Query<...>', gave the following error.
    Argument of type '{ _id: { $ne: any; }; name: { $regex: string | ParsedQs | (string | ParsedQs)[]; $options: string; }; } | { _id: { $ne: any; }; name?: undefined; }' is not assignable to parameter of type '_QueryFilter<{ set: { <T extends string | number | symbol>(path: T, val: any, type: any, options?: DocumentSetOptions): IUser; (path: string | Record<string, any>, val: any, type: any, options?: DocumentSetOptions): IUser; (path: string | Record<...>, val: any, options?: DocumentSetOptions): IUser; (value: string | ...'.
      Type '{ _id: { $ne: any; }; name: { $regex: string | QueryString.ParsedQs | (string | QueryString.ParsedQs)[]; $options: string; }; }' is not assignable to type '_QueryFilter<{ set: { <T extends string | number | symbol>(path: T, val: any, type: any, options?: DocumentSetOptions): IUser; (path: string | Record<string, any>, val: any, type: any, options?: DocumentSetOptions): IUser; (path: string | Record<...>, val: any, options?: DocumentSetOptions): IUser; (value: string | ...'.
        Type '{ _id: { $ne: any; }; name: { $regex: string | QueryString.ParsedQs | (string | QueryString.ParsedQs)[]; $options: string; }; }' is not assignable to type '{ set?: Condition<ApplyBasicQueryCasting<{ <T extends string | number | symbol>(path: T, val: any, type: any, options?: DocumentSetOptions): IUser; (path: string | Record<string, any>, val: any, type: any, options?: DocumentSetOptions): IUser; (path: string | Record<...>, val: any, options?: DocumentSetOptions): IUs...'.
          Types of property 'name' are incompatible.
            Type '{ $regex: string | QueryString.ParsedQs | (string | QueryString.ParsedQs)[]; $options: string; }' is not assignable to type 'Condition<ApplyBasicQueryCasting<string>>'.
              Type '{ $regex: string | QueryString.ParsedQs | (string | QueryString.ParsedQs)[]; $options: string; }' is not assignable to type 'FilterOperators<string | RegExp | string[] | BSONRegExp>'.
                Types of property '$regex' are incompatible.
                  Type 'string | ParsedQs | (string | ParsedQs)[]' is not assignable to type 'string | RegExp | BSONRegExp'.
                    Type 'ParsedQs' is not assignable to type 'string | RegExp | BSONRegExp'.
                      Type 'ParsedQs' is missing the following properties from type 'RegExp': exec, test, source, global, and 13 more.
  Overload 2 of 4, '(filter?: Query<any, any, {}, unknown, "find", Record<string, never>>, projection?: ProjectionType<IUser>, options?: QueryOptions<IUser> & Abortable): Query<...>', gave the following error.
    Argument of type '{ _id: { $ne: any; }; name: { $regex: string | ParsedQs | (string | ParsedQs)[]; $options: string; }; } | { _id: { $ne: any; }; name?: undefined; }' is not assignable to parameter of type 'Query<any, any, {}, unknown, "find", Record<string, never>>'.
      Object literal may only specify known properties, and '_id' does not exist in type 'Query<any, any, {}, unknown, "find", Record<string, never>>'.
src/models/User.ts(47,5): error TS2349: This expression is not callable.
  Type 'SaveOptions' has no call signatures.
